version 2
set updatemode "1"
set declined ""
source "https://fte.triptohell.info/downloadables.php?game=Q1" "enabled"
source "plug:Quaddicted Maps" "disabled"
"Plugins/fteplug_cod" enabled=1 trusted=1 "title=CoD Formats" ver=git-6681-5662b3a23 gamedir= arch=Win_x64 "desc=Provides support for various formats used by Call of Duty." root=bin file=fteplug_cod_x64.dll
"Plugins/fteplug_ezhud" enabled=1 trusted=1 "title=EzHud Plugin" ver=git-6681-5662b3a23 gamedir= arch=Win_x64 "desc=Provides compat with ezquake's hud scripts." root=bin file=fteplug_ezhud_x64.dll
"Plugins/fteplug_hl2" enabled=1 trusted=1 "title=HL2 Formats" ver=git-6681-5662b3a23 gamedir= arch=Win_x64 "desc=Provides support for various formats used by Valve's Source engine." root=bin file=fteplug_hl2_x64.dll
"Plugins/fteplug_irc" enabled=1 trusted=1 "title=IRC Chat" ver=git-6681-5662b3a23 gamedir= arch=Win_x64 "desc=Internet Relay Chat plugin - requires extra server/nick/channel configuration" root=bin file=fteplug_irc_x64.dll
"Plugins/fteplug_models" enabled=1 trusted=1 "title=Models Plugin" ver=git-6681-5662b3a23 gamedir= arch=Win_x64 "desc=Kinda redundant now that the engine has gltf2 loading" root=bin file=fteplug_models_x64.dll
"Plugins/fteplug_ode" enabled=1 trusted=1 "title=ODE Physics" ver=git-6681-5662b3a23 gamedir= arch=Win_x64 "desc=Provides Rigid Body Physics behaviours." root=bin file=fteplug_ode_x64.dll
"Plugins/fteplug_openssl" enabled=1 trusted=1 title=OpenSSL ver=git-6681-5662b3a23 gamedir= arch=Win_x64 "desc=Provides OpenSSL support for dtls/tls/https support. The crypto library that is actually used is controlled via the tls_provider cvar." root=bin file=fteplug_openssl_x64.dll
"Plugins/fteplug_openxr" enabled=1 trusted=1 "title=OpenXR Support" ver=git-6681-5662b3a23 gamedir= arch=Win_x64 "desc=Enables the use of Virtual Reality headsets and inputs." root=bin file=fteplug_openxr_x64.dll
"Plugins/fteplug_qi" enabled=0 trusted=1 "title=Quake-Injector Plugin" ver=git-6681-5662b3a23 gamedir= arch=Win_x64 "desc=Provides easy access to the Quaddicted mod database." root=bin file=fteplug_qi_x64.dll
"Plugins/fteplug_quake3" enabled=1 trusted=1 "title=Quake3 Compat" ver=git-6681-5662b3a23 gamedir= arch=Win_x64 "desc=Quake3 Gamecode Compatibility" root=bin file=fteplug_quake3_x64.dll
"Plugins/fteplug_xmpp" enabled=1 trusted=1 "title=XMPP Chat" ver=git-6681-5662b3a23 gamedir= arch=Win_x64 "desc=A slightly more modern alternative to IRC. Requires manual account configuration." root=bin file=fteplug_xmpp_x64.dll
